#
# There is insufficient memory for the Java Runtime Environment to continue.
# Native memory allocation (malloc) failed to allocate 1097296 bytes. Error detail: Chunk::new
# Possible reasons:
#   The system is out of physical RAM or swap space
#   This process is running with CompressedOops enabled, and the Java Heap may be blocking the growth of the native heap
# Possible solutions:
#   Reduce memory load on the system
#   Increase physical memory or swap space
#   Check if swap backing store is full
#   Decrease Java heap size (-Xmx/-Xms)
#   Decrease number of Java threads
#   Decrease Java thread stack sizes (-Xss)
#   Set larger code cache with -XX:ReservedCodeCacheSize=
#   JVM is running with Unscaled Compressed Oops mode in which the Java heap is
#     placed in the first 4GB address space. The Java Heap base address is the
#     maximum limit for the native heap growth. Please use -XX:HeapBaseMinAddress
#     to set the Java Heap base and to place the Java Heap above 4GB virtual address.
# This output file may be truncated or incomplete.
#
#  Out of Memory Error (arena.cpp:168), pid=25244, tid=19380
#
# JRE version: OpenJDK Runtime Environment Temurin-21.0.10+7 (21.0.10+7) (build 21.0.10+7-LTS)
# Java VM: OpenJDK 64-Bit Server VM Temurin-21.0.10+7 (21.0.10+7-LTS, mixed mode, sharing, tiered, compressed oops, compressed class ptrs, parallel gc, windows-amd64)
# No core dump will be written. Minidumps are not enabled by default on client versions of Windows
#

---------------  S U M M A R Y ------------

Command Line: --add-modules=ALL-SYSTEM --add-opens=java.base/java.util=ALL-UNNAMED --add-opens=java.base/java.lang=ALL-UNNAMED --add-opens=java.base/sun.nio.fs=ALL-UNNAMED -Declipse.application=org.eclipse.jdt.ls.core.id1 -Dosgi.bundles.defaultStartLevel=4 -Declipse.product=org.eclipse.jdt.ls.core.product -Djava.import.generatesMetadataFilesAtProjectRoot=false -DDetectVMInstallationsJob.disabled=true -Dfile.encoding=utf8 -XX:+UseParallelGC -XX:GCTimeRatio=4 -XX:AdaptiveSizePolicyWeight=90 -Dsun.zip.disableMemoryMapping=true -Xmx2G -Xms100m -Xlog:disable -javaagent:c:\Users\HP\.vscode\extensions\redhat.java-1.54.0-win32-x64\lombok\lombok-1.18.39-4050.jar c:\Users\HP\.vscode\extensions\redhat.java-1.54.0-win32-x64\server\plugins\org.eclipse.equinox.launcher_1.7.100.v20251111-0406.jar -configuration c:\Users\HP\AppData\Roaming\Code\User\globalStorage\redhat.java\1.54.0\config_ss_win -data c:\Users\HP\AppData\Roaming\Code\User\workspaceStorage\8eb7c053806400ac2c4885c53bb83021\redhat.java\ss_ws --pipe=\\.\pipe\lsp-9ff0eac37789361f32374910034124cb-sock

Host: AMD Ryzen 7 5700U with Radeon Graphics         , 16 cores, 7G,  Windows 11 , 64 bit Build 22621 (10.0.22621.5415)
Time: Sun May 24 21:16:19 2026 SE Asia Standard Time elapsed time: 5.934857 seconds (0d 0h 0m 5s)

---------------  T H R E A D  ---------------

Current thread (0x0000023fa267dde0):  JavaThread "C2 CompilerThread2" daemon [_thread_in_native, id=19380, stack(0x0000007dbbf00000,0x0000007dbc000000) (1024K)]


Current CompileTask:
C2:5935 2891       4       org.lombokweb.asm.ClassReader::readMethod (1070 bytes)

Stack: [0x0000007dbbf00000,0x0000007dbc000000]
Native frames: (J=compiled Java code, j=interpreted, Vv=VM code, C=native code)
V  [jvm.dll+0x6d7a39]
V  [jvm.dll+0x8b4b26]
V  [jvm.dll+0x8b70de]
V  [jvm.dll+0x8b77c3]
V  [jvm.dll+0x284346]
V  [jvm.dll+0xc66ed]
V  [jvm.dll+0xc6c31]
V  [jvm.dll+0x3bec01]
V  [jvm.dll+0x38b162]
V  [jvm.dll+0x38a5aa]
V  [jvm.dll+0x24c560]
V  [jvm.dll+0x24bb40]
V  [jvm.dll+0x1cb34e]
V  [jvm.dll+0x25b85d]
V  [jvm.dll+0x259dea]
V  [jvm.dll+0x3f857e]
V  [jvm.dll+0x85f59d]
V  [jvm.dll+0x6d626d]
C  [ucrtbase.dll+0x29333]
C  [KERNEL32.DLL+0x1259d]
C  [ntdll.dll+0x5af78]


---------------  P R O C E S S  ---------------

Threads class SMR info:
_java_thread_list=0x0000023fa24d0240, length=24, elements={
0x0000023f42d0e110, 0x0000023f597be070, 0x0000023f9be465f0, 0x0000023f9be48c90,
0x0000023f9be49f60, 0x0000023f9be4e5a0, 0x0000023f9be508e0, 0x0000023f9be5b260,
0x0000023f9be5caf0, 0x0000023f9bf72230, 0x0000023f9bf76900, 0x0000023f9c170350,
0x0000023f9c15b1f0, 0x0000023f9d6cd670, 0x0000023fa2435a30, 0x0000023fa23ddf30,
0x0000023f9db6e430, 0x0000023f9bfb43c0, 0x0000023fa2299590, 0x0000023fa24d3750,
0x0000023fa2779380, 0x0000023fa24ec540, 0x0000023fa2586b60, 0x0000023fa267dde0
}

Java Threads: ( => current thread )
  0x0000023f42d0e110 JavaThread "main"                              [_thread_blocked, id=24472, stack(0x0000007db9c00000,0x0000007db9d00000) (1024K)]
  0x0000023f597be070 JavaThread "Reference Handler"          daemon [_thread_blocked, id=2556, stack(0x0000007dba000000,0x0000007dba100000) (1024K)]
  0x0000023f9be465f0 JavaThread "Finalizer"                  daemon [_thread_blocked, id=21004, stack(0x0000007dba100000,0x0000007dba200000) (1024K)]
  0x0000023f9be48c90 JavaThread "Signal Dispatcher"          daemon [_thread_blocked, id=21928, stack(0x0000007dba200000,0x0000007dba300000) (1024K)]
  0x0000023f9be49f60 JavaThread "Attach Listener"            daemon [_thread_blocked, id=21612, stack(0x0000007dba300000,0x0000007dba400000) (1024K)]
  0x0000023f9be4e5a0 JavaThread "Service Thread"             daemon [_thread_blocked, id=20472, stack(0x0000007dba400000,0x0000007dba500000) (1024K)]
  0x0000023f9be508e0 JavaThread "Monitor Deflation Thread"   daemon [_thread_blocked, id=15256, stack(0x0000007dba500000,0x0000007dba600000) (1024K)]
  0x0000023f9be5b260 JavaThread "C2 CompilerThread0"         daemon [_thread_blocked, id=4236, stack(0x0000007dba600000,0x0000007dba700000) (1024K)]
  0x0000023f9be5caf0 JavaThread "C1 CompilerThread0"         daemon [_thread_blocked, id=11148, stack(0x0000007dba700000,0x0000007dba800000) (1024K)]
  0x0000023f9bf72230 JavaThread "C1 CompilerThread1"         daemon [_thread_blocked, id=22488, stack(0x0000007dba800000,0x0000007dba900000) (1024K)]
  0x0000023f9bf76900 JavaThread "C1 CompilerThread2"         daemon [_thread_blocked, id=20688, stack(0x0000007dba900000,0x0000007dbaa00000) (1024K)]
  0x0000023f9c170350 JavaThread "Common-Cleaner"             daemon [_thread_blocked, id=1756, stack(0x0000007dbab00000,0x0000007dbac00000) (1024K)]
  0x0000023f9c15b1f0 JavaThread "C1 CompilerThread3"         daemon [_thread_blocked, id=19512, stack(0x0000007dbac00000,0x0000007dbad00000) (1024K)]
  0x0000023f9d6cd670 JavaThread "Notification Thread"        daemon [_thread_blocked, id=3368, stack(0x0000007dbad00000,0x0000007dbae00000) (1024K)]
  0x0000023fa2435a30 JavaThread "Active Thread: Equinox Container: b790374e-7e2e-4090-be64-dfe14dc91055"        [_thread_blocked, id=21048, stack(0x0000007dbae00000,0x0000007dbaf00000) (1024K)]
  0x0000023fa23ddf30 JavaThread "Framework Event Dispatcher: Equinox Container: b790374e-7e2e-4090-be64-dfe14dc91055" daemon [_thread_blocked, id=13120, stack(0x0000007dbb600000,0x0000007dbb700000) (1024K)]
  0x0000023f9db6e430 JavaThread "Start Level: Equinox Container: b790374e-7e2e-4090-be64-dfe14dc91055" daemon [_thread_in_Java, id=23648, stack(0x0000007dbb700000,0x0000007dbb800000) (1024K)]
  0x0000023f9bfb43c0 JavaThread "SCR Component Actor"        daemon [_thread_blocked, id=16920, stack(0x0000007dbaa00000,0x0000007dbab00000) (1024K)]
  0x0000023fa2299590 JavaThread "Worker-JM"                         [_thread_blocked, id=18176, stack(0x0000007dbba00000,0x0000007dbbb00000) (1024K)]
  0x0000023fa24d3750 JavaThread "JNA Cleaner"                daemon [_thread_blocked, id=13068, stack(0x0000007dbb800000,0x0000007dbb900000) (1024K)]
  0x0000023fa2779380 JavaThread "Worker-0"                          [_thread_blocked, id=21184, stack(0x0000007dbbc00000,0x0000007dbbd00000) (1024K)]
  0x0000023fa24ec540 JavaThread "Worker-1"                          [_thread_blocked, id=22060, stack(0x0000007dbbd00000,0x0000007dbbe00000) (1024K)]
  0x0000023fa2586b60 JavaThread "C2 CompilerThread1"         daemon [_thread_blocked, id=24216, stack(0x0000007dbbe00000,0x0000007dbbf00000) (1024K)]
=>0x0000023fa267dde0 JavaThread "C2 CompilerThread2"         daemon [_thread_in_native, id=19380, stack(0x0000007dbbf00000,0x0000007dbc000000) (1024K)]
Total: 24

Other Threads:
  0x0000023f42dcea80 VMThread "VM Thread"                           [id=4464, stack(0x0000007db9f00000,0x0000007dba000000) (1024K)]
  0x0000023f5969ca10 WatcherThread "VM Periodic Task Thread"        [id=21264, stack(0x0000007db9e00000,0x0000007db9f00000) (1024K)]
  0x0000023f42d2c780 WorkerThread "GC Thread#0"                     [id=24048, stack(0x0000007db9d00000,0x0000007db9e00000) (1024K)]
  0x0000023f9d8f14b0 WorkerThread "GC Thread#1"                     [id=16204, stack(0x0000007dbaf00000,0x0000007dbb000000) (1024K)]
  0x0000023f9d8afa90 WorkerThread "GC Thread#2"                     [id=18812, stack(0x0000007dbb000000,0x0000007dbb100000) (1024K)]
  0x0000023f9d8afe40 WorkerThread "GC Thread#3"                     [id=15780, stack(0x0000007dbb100000,0x0000007dbb200000) (1024K)]
  0x0000023fa2027360 WorkerThread "GC Thread#4"                     [id=8504, stack(0x0000007dbb200000,0x0000007dbb300000) (1024K)]
  0x0000023fa2027b20 WorkerThread "GC Thread#5"                     [id=24160, stack(0x0000007dbb300000,0x0000007dbb400000) (1024K)]
  0x0000023f9d8b42e0 WorkerThread "GC Thread#6"                     [id=21244, stack(0x0000007dbb400000,0x0000007dbb500000) (1024K)]
  0x0000023f9dba0c10 WorkerThread "GC Thread#7"                     [id=27632, stack(0x0000007dbb500000,0x0000007dbb600000) (1024K)]
  0x0000023fa25bb6b0 WorkerThread "GC Thread#8"                     [id=5028, stack(0x0000007dbb900000,0x0000007dbba00000) (1024K)]
  0x0000023fa23c75e0 WorkerThread "GC Thread#9"                     [id=25248, stack(0x0000007dbbb00000,0x0000007dbbc00000) (1024K)]
  0x0000023fa25396c0 WorkerThread "GC Thread#10"                    [id=28444, stack(0x0000007dbc000000,0x0000007dbc100000) (1024K)]
  0x0000023fa2538370 WorkerThread "GC Thread#11"                    [id=23644, stack(0x0000007dbc100000,0x0000007dbc200000) (1024K)]
  0x0000023fa28f3080 WorkerThread "GC Thread#12"                    [id=23888, stack(0x0000007dbc200000,0x0000007dbc300000) (1024K)]
Total: 15

Threads with active compile tasks:
C2 CompilerThread2  5976 2891       4       org.lombokweb.asm.ClassReader::readMethod (1070 bytes)
Total: 1

VM state: not at safepoint (normal execution)

VM Mutex/Monitor currently owned by a thread: None

Heap address: 0x0000000080000000, size: 2048 MB, Compressed Oops mode: 32-bit

CDS archive(s) mapped at: [0x0000023f5a000000-0x0000023f5aba0000-0x0000023f5aba0000), size 12189696, SharedBaseAddress: 0x0000023f5a000000, ArchiveRelocationMode: 1.
Compressed class space mapped at: 0x0000023f5b000000-0x0000023f9b000000, reserved size: 1073741824
Narrow klass base: 0x0000023f5a000000, Narrow klass shift: 0, Narrow klass range: 0x100000000

GC Precious Log:
 CardTable entry size: 512
 CPUs: 16 total, 16 available
 Memory: 7501M
 Large Page Support: Disabled
 NUMA Support: Disabled
 Compressed Oops: Enabled (32-bit)
 Alignments: Space 512K, Generation 512K, Heap 2M
 Heap Min Capacity: 100M
 Heap Initial Capacity: 100M
 Heap Max Capacity: 2G
 Pre-touch: Disabled
 Parallel Workers: 13

Heap:
 PSYoungGen      total 30208K, used 24214K [0x00000000d5580000, 0x00000000d7800000, 0x0000000100000000)
  eden space 25088K, 96% used [0x00000000d5580000,0x00000000d6d25980,0x00000000d6e00000)
  from space 5120K, 0% used [0x00000000d7300000,0x00000000d7300000,0x00000000d7800000)
  to   space 5120K, 0% used [0x00000000d6e00000,0x00000000d6e00000,0x00000000d7300000)
 ParOldGen       total 68608K, used 8810K [0x0000000080000000, 0x0000000084300000, 0x00000000d5580000)
  object space 68608K, 12% used [0x0000000080000000,0x000000008089a9a8,0x0000000084300000)
 Metaspace       used 22913K, committed 23552K, reserved 1114112K
  class space    used 2216K, committed 2496K, reserved 1048576K

Card table byte_map: [0x0000023f426e0000,0x0000023f42af0000] _byte_map_base: 0x0000023f422e0000

Marking Bits: (ParMarkBitMap*) 0x00007ff958dd3450
 Begin Bits: [0x0000023f551c0000, 0x0000023f571c0000)
 End Bits:   [0x0000023f571c0000, 0x0000023f591c0000)

Polling page: 0x0000023f424d0000

Metaspace:

Usage:
  Non-class:     20.21 MB used.
      Class:      2.16 MB used.
       Both:     22.38 MB used.

Virtual space:
  Non-class space:       64.00 MB reserved,      20.56 MB ( 32%) committed,  1 nodes.
      Class space:        1.00 GB reserved,       2.44 MB ( <1%) committed,  1 nodes.
             Both:        1.06 GB reserved,      23.00 MB (  2%) committed. 

Chunk freelists:
   Non-Class:  11.44 MB
       Class:  13.44 MB
        Both:  24.88 MB

MaxMetaspaceSize: unlimited
CompressedClassSpaceSize: 1.00 GB
Initial GC threshold: 21.00 MB
Current GC threshold: 35.00 MB
CDS: on
 - commit_granule_bytes: 65536.
 - commit_granule_words: 8192.
 - virtual_space_node_default_size: 8388608.
 - enlarge_chunks_in_place: 1.
 - use_allocation_guard: 0.


Internal statistics:

num_allocs_failed_limit: 3.
num_arena_births: 510.
num_arena_deaths: 14.
num_vsnodes_births: 2.
num_vsnodes_deaths: 0.
num_space_committed: 368.
num_space_uncommitted: 0.
num_chunks_returned_to_freelist: 17.
num_chunks_taken_from_freelist: 1375.
num_chunk_merges: 9.
num_chunk_splits: 891.
num_chunks_enlarged: 577.
num_inconsistent_stats: 0.

CodeHeap 'non-profiled nmethods': size=119168Kb used=1369Kb max_used=1369Kb free=117799Kb
 bounds [0x0000023f4dab0000, 0x0000023f4dd20000, 0x0000023f54f10000]
CodeHeap 'profiled nmethods': size=119104Kb used=5942Kb max_used=5942Kb free=113161Kb
 bounds [0x0000023f45f10000, 0x0000023f464e0000, 0x0000023f4d360000]
CodeHeap 'non-nmethods': size=7488Kb used=3007Kb max_used=3041Kb free=4481Kb
 bounds [0x0000023f4d360000, 0x0000023f4d660000, 0x0000023f4dab0000]
CodeCache: size=245760Kb, used=10318Kb, max_used=10352Kb, free=235441Kb
 total_blobs=3630, nmethods=3025, adapters=508, full_count=0
Compilation: enabled, stopped_count=0, restarted_count=0

Compilation events (20 events):
Event: 5.918 Thread 0x0000023f9be5caf0 3013       3       com.sun.org.apache.xerces.internal.utils.XMLSecurityManager::getOldSystemProperty (65 bytes)
Event: 5.918 Thread 0x0000023f9bf72230 3014       3       com.sun.org.apache.xerces.internal.utils.XMLSecurityManager$NameMap::values (10 bytes)
Event: 5.918 Thread 0x0000023f9bf76900 3015   !   3       com.sun.org.apache.xerces.internal.utils.XMLSecurityManager::getPropertyConfig (68 bytes)
Event: 5.919 Thread 0x0000023f9bf72230 nmethod 3014 0x0000023f464d6910 code [0x0000023f464d6ac0, 0x0000023f464d6d68]
Event: 5.919 Thread 0x0000023f9be5caf0 nmethod 3013 0x0000023f464d6e10 code [0x0000023f464d7020, 0x0000023f464d75f8]
Event: 5.920 Thread 0x0000023f9bf76900 nmethod 3015 0x0000023f464d7890 code [0x0000023f464d7ac0, 0x0000023f464d8168]
Event: 5.920 Thread 0x0000023f9be5caf0 3016       3       com.sun.org.apache.xerces.internal.parsers.XML11Configuration::getPropertyState (23 bytes)
Event: 5.920 Thread 0x0000023f9bf72230 3017       3       com.sun.org.apache.xerces.internal.util.ParserConfigurationSettings::getPropertyState (35 bytes)
Event: 5.920 Thread 0x0000023f9c15b1f0 3018       3       com.sun.org.apache.xerces.internal.util.PropertyState::<init> (15 bytes)
Event: 5.920 Thread 0x0000023f9bf76900 3019       3       com.sun.org.apache.xerces.internal.util.PropertyState::is (12 bytes)
Event: 5.920 Thread 0x0000023f9c15b1f0 nmethod 3018 0x0000023f464d8610 code [0x0000023f464d87c0, 0x0000023f464d8958]
Event: 5.920 Thread 0x0000023f9bf76900 nmethod 3019 0x0000023f464d8a10 code [0x0000023f464d8bc0, 0x0000023f464d8e00]
Event: 5.920 Thread 0x0000023f9bf76900 3020       3       com.sun.org.apache.xerces.internal.util.FeatureState::<init> (15 bytes)
Event: 5.920 Thread 0x0000023f9c15b1f0 3021       3       com.sun.org.apache.xerces.internal.parsers.XIncludeAwareParserConfiguration::getFeatureState (40 bytes)
Event: 5.921 Thread 0x0000023f9bf72230 nmethod 3017 0x0000023f464d8f10 code [0x0000023f464d9100, 0x0000023f464d9698]
Event: 5.921 Thread 0x0000023f9bf76900 nmethod 3020 0x0000023f464d9890 code [0x0000023f464d9a40, 0x0000023f464d9bd0]
Event: 5.921 Thread 0x0000023f9be5caf0 nmethod 3016 0x0000023f464d9c90 code [0x0000023f464d9ec0, 0x0000023f464da778]
Event: 5.921 Thread 0x0000023f9bf76900 3022       3       com.sun.org.apache.xerces.internal.util.FeatureState::is (12 bytes)
Event: 5.921 Thread 0x0000023f9c15b1f0 nmethod 3021 0x0000023f464daa90 code [0x0000023f464dacc0, 0x0000023f464db308]
Event: 5.921 Thread 0x0000023f9bf76900 nmethod 3022 0x0000023f464db590 code [0x0000023f464db740, 0x0000023f464db970]

GC Heap History (14 events):
Event: 1.409 GC heap before
{Heap before GC invocations=1 (full 0):
 PSYoungGen      total 29696K, used 25600K [0x00000000d5580000, 0x00000000d7680000, 0x0000000100000000)
  eden space 25600K, 100% used [0x00000000d5580000,0x00000000d6e80000,0x00000000d6e80000)
  from space 4096K, 0% used [0x00000000d7280000,0x00000000d7280000,0x00000000d7680000)
  to   space 4096K, 0% used [0x00000000d6e80000,0x00000000d6e80000,0x00000000d7280000)
 ParOldGen       total 68608K, used 0K [0x0000000080000000, 0x0000000084300000, 0x00000000d5580000)
  object space 68608K, 0% used [0x0000000080000000,0x0000000080000000,0x0000000084300000)
 Metaspace       used 4160K, committed 4416K, reserved 1114112K
  class space    used 453K, committed 576K, reserved 1048576K
}
Event: 1.423 GC heap after
{Heap after GC invocations=1 (full 0):
 PSYoungGen      total 29696K, used 3723K [0x00000000d5580000, 0x00000000d7680000, 0x0000000100000000)
  eden space 25600K, 0% used [0x00000000d5580000,0x00000000d5580000,0x00000000d6e80000)
  from space 4096K, 90% used [0x00000000d6e80000,0x00000000d7222ff0,0x00000000d7280000)
  to   space 4096K, 0% used [0x00000000d7280000,0x00000000d7280000,0x00000000d7680000)
 ParOldGen       total 68608K, used 16K [0x0000000080000000, 0x0000000084300000, 0x00000000d5580000)
  object space 68608K, 0% used [0x0000000080000000,0x0000000080004000,0x0000000084300000)
 Metaspace       used 4160K, committed 4416K, reserved 1114112K
  class space    used 453K, committed 576K, reserved 1048576K
}
Event: 2.919 GC heap before
{Heap before GC invocations=2 (full 0):
 PSYoungGen      total 29696K, used 29323K [0x00000000d5580000, 0x00000000d7680000, 0x0000000100000000)
  eden space 25600K, 100% used [0x00000000d5580000,0x00000000d6e80000,0x00000000d6e80000)
  from space 4096K, 90% used [0x00000000d6e80000,0x00000000d7222ff0,0x00000000d7280000)
  to   space 4096K, 0% used [0x00000000d7280000,0x00000000d7280000,0x00000000d7680000)
 ParOldGen       total 68608K, used 16K [0x0000000080000000, 0x0000000084300000, 0x00000000d5580000)
  object space 68608K, 0% used [0x0000000080000000,0x0000000080004000,0x0000000084300000)
 Metaspace       used 7993K, committed 8256K, reserved 1114112K
  class space    used 831K, committed 960K, reserved 1048576K
}
Event: 2.926 GC heap after
{Heap after GC invocations=2 (full 0):
 PSYoungGen      total 29696K, used 4070K [0x00000000d5580000, 0x00000000d7680000, 0x0000000100000000)
  eden space 25600K, 0% used [0x00000000d5580000,0x00000000d5580000,0x00000000d6e80000)
  from space 4096K, 99% used [0x00000000d7280000,0x00000000d7679800,0x00000000d7680000)
  to   space 4096K, 0% used [0x00000000d6e80000,0x00000000d6e80000,0x00000000d7280000)
 ParOldGen       total 68608K, used 1109K [0x0000000080000000, 0x0000000084300000, 0x00000000d5580000)
  object space 68608K, 1% used [0x0000000080000000,0x00000000801156b8,0x0000000084300000)
 Metaspace       used 7993K, committed 8256K, reserved 1114112K
  class space    used 831K, committed 960K, reserved 1048576K
}
Event: 3.809 GC heap before
{Heap before GC invocations=3 (full 0):
 PSYoungGen      total 29696K, used 29670K [0x00000000d5580000, 0x00000000d7680000, 0x0000000100000000)
  eden space 25600K, 100% used [0x00000000d5580000,0x00000000d6e80000,0x00000000d6e80000)
  from space 4096K, 99% used [0x00000000d7280000,0x00000000d7679800,0x00000000d7680000)
  to   space 4096K, 0% used [0x00000000d6e80000,0x00000000d6e80000,0x00000000d7280000)
 ParOldGen       total 68608K, used 1109K [0x0000000080000000, 0x0000000084300000, 0x00000000d5580000)
  object space 68608K, 1% used [0x0000000080000000,0x00000000801156b8,0x0000000084300000)
 Metaspace       used 12789K, committed 13312K, reserved 1114112K
  class space    used 1351K, committed 1600K, reserved 1048576K
}
Event: 3.815 GC heap after
{Heap after GC invocations=3 (full 0):
 PSYoungGen      total 29696K, used 4082K [0x00000000d5580000, 0x00000000d7680000, 0x0000000100000000)
  eden space 25600K, 0% used [0x00000000d5580000,0x00000000d5580000,0x00000000d6e80000)
  from space 4096K, 99% used [0x00000000d6e80000,0x00000000d727c880,0x00000000d7280000)
  to   space 4096K, 0% used [0x00000000d7280000,0x00000000d7280000,0x00000000d7680000)
 ParOldGen       total 68608K, used 2611K [0x0000000080000000, 0x0000000084300000, 0x00000000d5580000)
  object space 68608K, 3% used [0x0000000080000000,0x000000008028cf08,0x0000000084300000)
 Metaspace       used 12789K, committed 13312K, reserved 1114112K
  class space    used 1351K, committed 1600K, reserved 1048576K
}
Event: 4.805 GC heap before
{Heap before GC invocations=4 (full 0):
 PSYoungGen      total 29696K, used 29682K [0x00000000d5580000, 0x00000000d7680000, 0x0000000100000000)
  eden space 25600K, 100% used [0x00000000d5580000,0x00000000d6e80000,0x00000000d6e80000)
  from space 4096K, 99% used [0x00000000d6e80000,0x00000000d727c880,0x00000000d7280000)
  to   space 4096K, 0% used [0x00000000d7280000,0x00000000d7280000,0x00000000d7680000)
 ParOldGen       total 68608K, used 2611K [0x0000000080000000, 0x0000000084300000, 0x00000000d5580000)
  object space 68608K, 3% used [0x0000000080000000,0x000000008028cf08,0x0000000084300000)
 Metaspace       used 16765K, committed 17472K, reserved 1114112K
  class space    used 1755K, committed 2048K, reserved 1048576K
}
Event: 4.812 GC heap after
{Heap after GC invocations=4 (full 0):
 PSYoungGen      total 29696K, used 4084K [0x00000000d5580000, 0x00000000d7680000, 0x0000000100000000)
  eden space 25600K, 0% used [0x00000000d5580000,0x00000000d5580000,0x00000000d6e80000)
  from space 4096K, 99% used [0x00000000d7280000,0x00000000d767d210,0x00000000d7680000)
  to   space 4096K, 0% used [0x00000000d6e80000,0x00000000d6e80000,0x00000000d7280000)
 ParOldGen       total 68608K, used 4574K [0x0000000080000000, 0x0000000084300000, 0x00000000d5580000)
  object space 68608K, 6% used [0x0000000080000000,0x00000000804779e0,0x0000000084300000)
 Metaspace       used 16765K, committed 17472K, reserved 1114112K
  class space    used 1755K, committed 2048K, reserved 1048576K
}
Event: 5.269 GC heap before
{Heap before GC invocations=5 (full 0):
 PSYoungGen      total 29696K, used 29684K [0x00000000d5580000, 0x00000000d7680000, 0x0000000100000000)
  eden space 25600K, 100% used [0x00000000d5580000,0x00000000d6e80000,0x00000000d6e80000)
  from space 4096K, 99% used [0x00000000d7280000,0x00000000d767d210,0x00000000d7680000)
  to   space 4096K, 0% used [0x00000000d6e80000,0x00000000d6e80000,0x00000000d7280000)
 ParOldGen       total 68608K, used 4574K [0x0000000080000000, 0x0000000084300000, 0x00000000d5580000)
  object space 68608K, 6% used [0x0000000080000000,0x00000000804779e0,0x0000000084300000)
 Metaspace       used 20064K, committed 20736K, reserved 1114112K
  class space    used 1988K, committed 2304K, reserved 1048576K
}
Event: 5.273 GC heap after
{Heap after GC invocations=5 (full 0):
 PSYoungGen      total 29184K, used 4068K [0x00000000d5580000, 0x00000000d7800000, 0x0000000100000000)
  eden space 25088K, 0% used [0x00000000d5580000,0x00000000d5580000,0x00000000d6e00000)
  from space 4096K, 99% used [0x00000000d6e80000,0x00000000d7279200,0x00000000d7280000)
  to   space 5120K, 0% used [0x00000000d7300000,0x00000000d7300000,0x00000000d7800000)
 ParOldGen       total 68608K, used 4829K [0x0000000080000000, 0x0000000084300000, 0x00000000d5580000)
  object space 68608K, 7% used [0x0000000080000000,0x00000000804b7708,0x0000000084300000)
 Metaspace       used 20064K, committed 20736K, reserved 1114112K
  class space    used 1988K, committed 2304K, reserved 1048576K
}
Event: 5.385 GC heap before
{Heap before GC invocations=6 (full 0):
 PSYoungGen      total 29184K, used 11452K [0x00000000d5580000, 0x00000000d7800000, 0x0000000100000000)
  eden space 25088K, 29% used [0x00000000d5580000,0x00000000d5cb61e8,0x00000000d6e00000)
  from space 4096K, 99% used [0x00000000d6e80000,0x00000000d7279200,0x00000000d7280000)
  to   space 5120K, 0% used [0x00000000d7300000,0x00000000d7300000,0x00000000d7800000)
 ParOldGen       total 68608K, used 4829K [0x0000000080000000, 0x0000000084300000, 0x00000000d5580000)
  object space 68608K, 7% used [0x0000000080000000,0x00000000804b7708,0x0000000084300000)
 Metaspace       used 20847K, committed 21504K, reserved 1114112K
  class space    used 2055K, committed 2368K, reserved 1048576K
}
Event: 5.390 GC heap after
{Heap after GC invocations=6 (full 0):
 PSYoungGen      total 30208K, used 4788K [0x00000000d5580000, 0x00000000d7800000, 0x0000000100000000)
  eden space 25088K, 0% used [0x00000000d5580000,0x00000000d5580000,0x00000000d6e00000)
  from space 5120K, 93% used [0x00000000d7300000,0x00000000d77ad2d8,0x00000000d7800000)
  to   space 5120K, 0% used [0x00000000d6e00000,0x00000000d6e00000,0x00000000d7300000)
 ParOldGen       total 68608K, used 4837K [0x0000000080000000, 0x0000000084300000, 0x00000000d5580000)
  object space 68608K, 7% used [0x0000000080000000,0x00000000804b9708,0x0000000084300000)
 Metaspace       used 20847K, committed 21504K, reserved 1114112K
  class space    used 2055K, committed 2368K, reserved 1048576K
}
Event: 5.390 GC heap before
{Heap before GC invocations=7 (full 1):
 PSYoungGen      total 30208K, used 4788K [0x00000000d5580000, 0x00000000d7800000, 0x0000000100000000)
  eden space 25088K, 0% used [0x00000000d5580000,0x00000000d5580000,0x00000000d6e00000)
  from space 5120K, 93% used [0x00000000d7300000,0x00000000d77ad2d8,0x00000000d7800000)
  to   space 5120K, 0% used [0x00000000d6e00000,0x00000000d6e00000,0x00000000d7300000)
 ParOldGen       total 68608K, used 4837K [0x0000000080000000, 0x0000000084300000, 0x00000000d5580000)
  object space 68608K, 7% used [0x0000000080000000,0x00000000804b9708,0x0000000084300000)
 Metaspace       used 20847K, committed 21504K, reserved 1114112K
  class space    used 2055K, committed 2368K, reserved 1048576K
}
Event: 5.432 GC heap after
{Heap after GC invocations=7 (full 1):
 PSYoungGen      total 30208K, used 0K [0x00000000d5580000, 0x00000000d7800000, 0x0000000100000000)
  eden space 25088K, 0% used [0x00000000d5580000,0x00000000d5580000,0x00000000d6e00000)
  from space 5120K, 0% used [0x00000000d7300000,0x00000000d7300000,0x00000000d7800000)
  to   space 5120K, 0% used [0x00000000d6e00000,0x00000000d6e00000,0x00000000d7300000)
 ParOldGen       total 68608K, used 8810K [0x0000000080000000, 0x0000000084300000, 0x00000000d5580000)
  object space 68608K, 12% used [0x0000000080000000,0x000000008089a9a8,0x0000000084300000)
 Metaspace       used 20834K, committed 21504K, reserved 1114112K
  class space    used 2051K, committed 2368K, reserved 1048576K
}

Dll operation events (10 events):
Event: 0.019 Loaded shared library c:\Users\HP\.vscode\extensions\redhat.java-1.54.0-win32-x64\jre\21.0.10-win32-x86_64\bin\java.dll
Event: 0.147 Loaded shared library c:\Users\HP\.vscode\extensions\redhat.java-1.54.0-win32-x64\jre\21.0.10-win32-x86_64\bin\zip.dll
Event: 0.192 Loaded shared library C:\Users\HP\.vscode\extensions\redhat.java-1.54.0-win32-x64\jre\21.0.10-win32-x86_64\bin\instrument.dll
Event: 0.204 Loaded shared library C:\Users\HP\.vscode\extensions\redhat.java-1.54.0-win32-x64\jre\21.0.10-win32-x86_64\bin\net.dll
Event: 0.210 Loaded shared library C:\Users\HP\.vscode\extensions\redhat.java-1.54.0-win32-x64\jre\21.0.10-win32-x86_64\bin\nio.dll
Event: 0.220 Loaded shared library C:\Users\HP\.vscode\extensions\redhat.java-1.54.0-win32-x64\jre\21.0.10-win32-x86_64\bin\zip.dll
Event: 0.257 Loaded shared library C:\Users\HP\.vscode\extensions\redhat.java-1.54.0-win32-x64\jre\21.0.10-win32-x86_64\bin\jimage.dll
Event: 0.419 Loaded shared library c:\Users\HP\.vscode\extensions\redhat.java-1.54.0-win32-x64\jre\21.0.10-win32-x86_64\bin\verify.dll
Event: 2.996 Loaded shared library C:\Users\HP\AppData\Roaming\Code\User\globalStorage\redhat.java\1.54.0\config_ss_win\org.eclipse.equinox.launcher\org.eclipse.equinox.launcher.win32.win32.x86_64_1.3.0.v20260203-2149\eclipse_11919.dll
Event: 4.492 Loaded shared library C:\Users\HP\AppData\Local\Temp\jna-2312\jna5852156223808220853.dll

Deoptimization events (20 events):
Event: 5.250 Thread 0x0000023f9db6e430 DEOPT PACKING pc=0x0000023f4dbceba4 sp=0x0000007dbb7f24d0
Event: 5.250 Thread 0x0000023f9db6e430 DEOPT UNPACKING pc=0x0000023f4d3b3aa2 sp=0x0000007dbb7f2440 mode 2
Event: 5.313 Thread 0x0000023f9db6e430 Uncommon trap: trap_request=0xffffff45 fr.pc=0x0000023f4dbe29ec relative=0x000000000000014c
Event: 5.313 Thread 0x0000023f9db6e430 Uncommon trap: reason=unstable_if action=reinterpret pc=0x0000023f4dbe29ec method=org.lombokweb.asm.ByteVector.putByteArray([BII)Lorg/lombokweb/asm/ByteVector; @ 20 c2
Event: 5.313 Thread 0x0000023f9db6e430 DEOPT PACKING pc=0x0000023f4dbe29ec sp=0x0000007dbb7ee7f0
Event: 5.313 Thread 0x0000023f9db6e430 DEOPT UNPACKING pc=0x0000023f4d3b3aa2 sp=0x0000007dbb7ee7c0 mode 2
Event: 5.313 Thread 0x0000023f9db6e430 Uncommon trap: trap_request=0xffffff45 fr.pc=0x0000023f4dbd4924 relative=0x0000000000000364
Event: 5.313 Thread 0x0000023f9db6e430 Uncommon trap: reason=unstable_if action=reinterpret pc=0x0000023f4dbd4924 method=org.lombokweb.asm.Label.resolve([BLorg/lombokweb/asm/ByteVector;I)Z @ 81 c2
Event: 5.313 Thread 0x0000023f9db6e430 DEOPT PACKING pc=0x0000023f4dbd4924 sp=0x0000007dbb7ee880
Event: 5.313 Thread 0x0000023f9db6e430 DEOPT UNPACKING pc=0x0000023f4d3b3aa2 sp=0x0000007dbb7ee788 mode 2
Event: 5.314 Thread 0x0000023f9db6e430 Uncommon trap: trap_request=0xffffff45 fr.pc=0x0000023f4dbd414c relative=0x000000000000022c
Event: 5.314 Thread 0x0000023f9db6e430 Uncommon trap: reason=unstable_if action=reinterpret pc=0x0000023f4dbd414c method=org.lombokweb.asm.Label.resolve([BLorg/lombokweb/asm/ByteVector;I)Z @ 81 c2
Event: 5.314 Thread 0x0000023f9db6e430 DEOPT PACKING pc=0x0000023f4dbd414c sp=0x0000007dbb7ee7f0
Event: 5.314 Thread 0x0000023f9db6e430 DEOPT UNPACKING pc=0x0000023f4d3b3aa2 sp=0x0000007dbb7ee780 mode 2
Event: 5.859 Thread 0x0000023f9db6e430 DEOPT PACKING pc=0x0000023f46046925 sp=0x0000007dbb7f7b30
Event: 5.859 Thread 0x0000023f9db6e430 DEOPT UNPACKING pc=0x0000023f4d3b4242 sp=0x0000007dbb7f7018 mode 0
Event: 5.860 Thread 0x0000023f9db6e430 DEOPT PACKING pc=0x0000023f46046b26 sp=0x0000007dbb7f7b30
Event: 5.860 Thread 0x0000023f9db6e430 DEOPT UNPACKING pc=0x0000023f4d3b4242 sp=0x0000007dbb7f7028 mode 0
Event: 5.863 Thread 0x0000023f9db6e430 DEOPT PACKING pc=0x0000023f46046b26 sp=0x0000007dbb7f7b30
Event: 5.863 Thread 0x0000023f9db6e430 DEOPT UNPACKING pc=0x0000023f4d3b4242 sp=0x0000007dbb7f7028 mode 0

Classes loaded (20 events):
Event: 5.915 Loading class sun/nio/ch/Util$BufferCache
Event: 5.915 Loading class sun/nio/ch/Util$BufferCache done
Event: 5.915 Loading class java/nio/DirectByteBuffer$Deallocator
Event: 5.916 Loading class java/nio/DirectByteBuffer$Deallocator done
Event: 5.920 Loading class com/sun/org/apache/xerces/internal/dom/DeferredDocumentImpl
Event: 5.922 Loading class com/sun/org/apache/xerces/internal/dom/DeferredNode
Event: 5.922 Loading class org/w3c/dom/Node
Event: 5.922 Loading class org/w3c/dom/Node done
Event: 5.922 Loading class com/sun/org/apache/xerces/internal/dom/DeferredNode done
Event: 5.922 Loading class com/sun/org/apache/xerces/internal/dom/DocumentImpl
Event: 5.923 Loading class org/w3c/dom/traversal/DocumentTraversal
Event: 5.923 Loading class org/w3c/dom/traversal/DocumentTraversal done
Event: 5.923 Loading class org/w3c/dom/events/DocumentEvent
Event: 5.923 Loading class org/w3c/dom/events/DocumentEvent done
Event: 5.923 Loading class org/w3c/dom/ranges/DocumentRange
Event: 5.923 Loading class org/w3c/dom/ranges/DocumentRange done
Event: 5.923 Loading class com/sun/org/apache/xerces/internal/dom/CoreDocumentImpl
Event: 5.926 Loading class org/w3c/dom/Document
Event: 5.928 Loading class org/w3c/dom/Document done
Event: 5.928 Loading class com/sun/org/apache/xerces/internal/dom/ParentNode

Classes unloaded (7 events):
Event: 5.396 Thread 0x0000023f42dcea80 Unloading class 0x0000023f5b18d400 'java/lang/invoke/LambdaForm$MH+0x0000023f5b18d400'
Event: 5.396 Thread 0x0000023f42dcea80 Unloading class 0x0000023f5b18d000 'java/lang/invoke/LambdaForm$MH+0x0000023f5b18d000'
Event: 5.396 Thread 0x0000023f42dcea80 Unloading class 0x0000023f5b18cc00 'java/lang/invoke/LambdaForm$MH+0x0000023f5b18cc00'
Event: 5.396 Thread 0x0000023f42dcea80 Unloading class 0x0000023f5b18c800 'java/lang/invoke/LambdaForm$MH+0x0000023f5b18c800'
Event: 5.396 Thread 0x0000023f42dcea80 Unloading class 0x0000023f5b18c400 'java/lang/invoke/LambdaForm$BMH+0x0000023f5b18c400'
Event: 5.396 Thread 0x0000023f42dcea80 Unloading class 0x0000023f5b18c000 'java/lang/invoke/LambdaForm$DMH+0x0000023f5b18c000'
Event: 5.396 Thread 0x0000023f42dcea80 Unloading class 0x0000023f5b18ac00 'java/lang/invoke/LambdaForm$DMH+0x0000023f5b18ac00'

Classes redefined (0 events):
No events

Internal exceptions (20 events):
Event: 4.567 Thread 0x0000023f9db6e430 Exception <a 'java/lang/NoSuchMethodError'{0x00000000d66b61f0}: 'void java.lang.invoke.Invokers$Holder.invokeExact_MT(java.lang.Object, java.lang.Object, int, java.lang.Object)'> (0x00000000d66b61f0) 
thrown [s\src\hotspot\share\interpreter\linkResolver.cpp, line 773]
Event: 4.624 Thread 0x0000023f9db6e430 Exception <a 'java/lang/NoSuchMethodError'{0x00000000d67b2dc0}: 'java.lang.Object java.lang.invoke.DirectMethodHandle$Holder.invokeSpecial(java.lang.Object, java.lang.Object, java.lang.Object, long, java.lang.Object)'> (0x00000000d67b2dc0) 
thrown [s\src\hotspot\share\interpreter\linkResolver.cpp, line 773]
Event: 4.625 Thread 0x0000023f9db6e430 Exception <a 'java/lang/NoSuchMethodError'{0x00000000d67ba608}: 'java.lang.Object java.lang.invoke.DirectMethodHandle$Holder.newInvokeSpecial(java.lang.Object, java.lang.Object, java.lang.Object, long)'> (0x00000000d67ba608) 
thrown [s\src\hotspot\share\interpreter\linkResolver.cpp, line 773]
Event: 4.625 Thread 0x0000023f9db6e430 Exception <a 'java/lang/NoSuchMethodError'{0x00000000d67be9b8}: 'java.lang.Object java.lang.invoke.DirectMethodHandle$Holder.invokeSpecial(java.lang.Object, java.lang.Object, java.lang.Object, java.lang.Object, long)'> (0x00000000d67be9b8) 
thrown [s\src\hotspot\share\interpreter\linkResolver.cpp, line 773]
Event: 4.626 Thread 0x0000023f9db6e430 Exception <a 'java/lang/NoSuchMethodError'{0x00000000d67c25d8}: 'java.lang.Object java.lang.invoke.Invokers$Holder.linkToTargetMethod(java.lang.Object, java.lang.Object, long, java.lang.Object)'> (0x00000000d67c25d8) 
thrown [s\src\hotspot\share\interpreter\linkResolver.cpp, line 773]
Event: 4.646 Thread 0x0000023f9db6e430 Exception <a 'java/lang/NoSuchMethodError'{0x00000000d6830ef8}: 'int java.lang.invoke.DirectMethodHandle$Holder.invokeStaticInit(java.lang.Object, java.lang.Object, java.lang.Object)'> (0x00000000d6830ef8) 
thrown [s\src\hotspot\share\interpreter\linkResolver.cpp, line 773]
Event: 4.661 Thread 0x0000023f9db6e430 Exception <a 'java/lang/IncompatibleClassChangeError'{0x00000000d68c0378}: Found class java.lang.Object, but interface was expected> (0x00000000d68c0378) 
thrown [s\src\hotspot\share\interpreter\linkResolver.cpp, line 840]
Event: 4.668 Thread 0x0000023f9db6e430 Exception <a 'java/lang/NoSuchMethodError'{0x00000000d68d4280}: 'java.lang.Object java.lang.invoke.DirectMethodHandle$Holder.invokeSpecial(java.lang.Object, java.lang.Object, java.lang.Object, int, java.lang.Object, java.lang.Object)'> (0x00000000d68d4280) 
thrown [s\src\hotspot\share\interpreter\linkResolver.cpp, line 773]
Event: 4.669 Thread 0x0000023f9db6e430 Exception <a 'java/lang/NoSuchMethodError'{0x00000000d68dbd58}: 'java.lang.Object java.lang.invoke.DirectMethodHandle$Holder.newInvokeSpecial(java.lang.Object, java.lang.Object, java.lang.Object, int, java.lang.Object)'> (0x00000000d68dbd58) 
thrown [s\src\hotspot\share\interpreter\linkResolver.cpp, line 773]
Event: 4.670 Thread 0x0000023f9db6e430 Exception <a 'java/lang/NoSuchMethodError'{0x00000000d68dfcd8}: 'java.lang.Object java.lang.invoke.DirectMethodHandle$Holder.invokeSpecial(java.lang.Object, java.lang.Object, java.lang.Object, java.lang.Object, int, java.lang.Object)'> (0x00000000d68dfcd8) 
thrown [s\src\hotspot\share\interpreter\linkResolver.cpp, line 773]
Event: 4.671 Thread 0x0000023f9db6e430 Exception <a 'java/lang/NoSuchMethodError'{0x00000000d68e3818}: 'java.lang.Object java.lang.invoke.Invokers$Holder.linkToTargetMethod(java.lang.Object, java.lang.Object, int, java.lang.Object, java.lang.Object)'> (0x00000000d68e3818) 
thrown [s\src\hotspot\share\interpreter\linkResolver.cpp, line 773]
Event: 4.672 Thread 0x0000023fa2779380 Exception <a 'java/lang/NoSuchMethodError'{0x00000000d67f5ae8}: 'java.lang.Object java.lang.invoke.DirectMethodHandle$Holder.invokeSpecial(java.lang.Object, java.lang.Object, int, java.lang.Object, java.lang.Object)'> (0x00000000d67f5ae8) 
thrown [s\src\hotspot\share\interpreter\linkResolver.cpp, line 773]
Event: 4.673 Thread 0x0000023fa2779380 Exception <a 'java/lang/NoSuchMethodError'{0x00000000d67fc820}: 'java.lang.Object java.lang.invoke.DirectMethodHandle$Holder.newInvokeSpecial(java.lang.Object, java.lang.Object, int, java.lang.Object)'> (0x00000000d67fc820) 
thrown [s\src\hotspot\share\interpreter\linkResolver.cpp, line 773]
Event: 4.674 Thread 0x0000023fa2779380 Exception <a 'java/lang/NoSuchMethodError'{0x00000000d6800100}: 'java.lang.Object java.lang.invoke.DirectMethodHandle$Holder.invokeSpecial(java.lang.Object, java.lang.Object, java.lang.Object, int, java.lang.Object)'> (0x00000000d6800100) 
thrown [s\src\hotspot\share\interpreter\linkResolver.cpp, line 773]
Event: 4.700 Thread 0x0000023f9db6e430 Exception <a 'java/lang/NoSuchMethodError'{0x00000000d6a030a8}: 'void java.lang.invoke.DirectMethodHandle$Holder.invokeSpecial(java.lang.Object, java.lang.Object, java.lang.Object, java.lang.Object, java.lang.Object)'> (0x00000000d6a030a8) 
thrown [s\src\hotspot\share\interpreter\linkResolver.cpp, line 773]
Event: 4.759 Thread 0x0000023f9db6e430 Exception <a 'java/lang/NoSuchMethodError'{0x00000000d6c406c0}: 'double java.lang.invoke.DirectMethodHandle$Holder.invokeStatic(java.lang.Object, java.lang.Object)'> (0x00000000d6c406c0) 
thrown [s\src\hotspot\share\interpreter\linkResolver.cpp, line 773]
Event: 4.760 Thread 0x0000023f9db6e430 Exception <a 'java/lang/NoSuchMethodError'{0x00000000d6c43d80}: 'double java.lang.invoke.DirectMethodHandle$Holder.invokeStaticInit(java.lang.Object, java.lang.Object)'> (0x00000000d6c43d80) 
thrown [s\src\hotspot\share\interpreter\linkResolver.cpp, line 773]
Event: 5.313 Thread 0x0000023f9db6e430 Implicit null exception at 0x0000023f4dbe28f5 to 0x0000023f4dbe29d0
Event: 5.572 Thread 0x0000023f9db6e430 Exception <a 'java/io/FileNotFoundException'{0x00000000d63f3fe0}> (0x00000000d63f3fe0) 
thrown [s\src\hotspot\share\prims\jni.cpp, line 520]
Event: 5.573 Thread 0x0000023f9db6e430 Exception <a 'java/io/FileNotFoundException'{0x00000000d63f4fd8}> (0x00000000d63f4fd8) 
thrown [s\src\hotspot\share\prims\jni.cpp, line 520]

ZGC Phase Switch (0 events):
No events

VM Operations (20 events):
Event: 3.666 Executing non-safepoint VM operation: HandshakeAllThreads (Deoptimize)
Event: 3.666 Executing non-safepoint VM operation: HandshakeAllThreads (Deoptimize) done
Event: 3.809 Executing safepoint VM operation: ParallelGCFailedAllocation (Allocation Failure)
Event: 3.815 Executing safepoint VM operation: ParallelGCFailedAllocation (Allocation Failure) done
Event: 3.986 Executing non-safepoint VM operation: HandshakeAllThreads (Deoptimize)
Event: 3.986 Executing non-safepoint VM operation: HandshakeAllThreads (Deoptimize) done
Event: 3.994 Executing non-safepoint VM operation: HandshakeAllThreads (Deoptimize)
Event: 3.994 Executing non-safepoint VM operation: HandshakeAllThreads (Deoptimize) done
Event: 4.016 Executing non-safepoint VM operation: HandshakeAllThreads (Deoptimize)
Event: 4.016 Executing non-safepoint VM operation: HandshakeAllThreads (Deoptimize) done
Event: 4.425 Executing non-safepoint VM operation: HandshakeAllThreads (Deoptimize)
Event: 4.425 Executing non-safepoint VM operation: HandshakeAllThreads (Deoptimize) done
Event: 4.513 Executing non-safepoint VM operation: HandshakeAllThreads (Deoptimize)
Event: 4.513 Executing non-safepoint VM operation: HandshakeAllThreads (Deoptimize) done
Event: 4.805 Executing safepoint VM operation: ParallelGCFailedAllocation (Allocation Failure)
Event: 4.812 Executing safepoint VM operation: ParallelGCFailedAllocation (Allocation Failure) done
Event: 5.269 Executing safepoint VM operation: ParallelGCFailedAllocation (Allocation Failure)
Event: 5.273 Executing safepoint VM operation: ParallelGCFailedAllocation (Allocation Failure) done
Event: 5.385 Executing safepoint VM operation: CollectForMetadataAllocation (Metadata GC Threshold)
Event: 5.432 Executing safepoint VM operation: CollectForMetadataAllocation (Metadata GC Threshold) done

Memory protections (0 events):
No events

Nmethod flushes (0 events):
No events

Events (20 events):
Event: 0.635 Thread 0x0000023f42d0e110 Thread added: 0x0000023f9d6cd670
Event: 0.810 Thread 0x0000023f9bf72230 Thread added: 0x0000023f9d5b1fb0
Event: 2.010 Thread 0x0000023f9bf72230 Thread added: 0x0000023fa221aba0
Event: 2.225 Thread 0x0000023fa221aba0 Thread exited: 0x0000023fa221aba0
Event: 2.558 Thread 0x0000023f9d5b1fb0 Thread exited: 0x0000023f9d5b1fb0
Event: 2.620 Thread 0x0000023f42d0e110 Thread added: 0x0000023fa2435a30
Event: 2.971 Thread 0x0000023f42d0e110 Thread added: 0x0000023fa23ddf30
Event: 2.982 Thread 0x0000023f42d0e110 Thread added: 0x0000023f9db6e430
Event: 3.122 Thread 0x0000023f9bfb43c0 Thread exited: 0x0000023f9bfb43c0
Event: 3.236 Thread 0x0000023f9db6e430 Thread added: 0x0000023f9bfb43c0
Event: 3.414 Thread 0x0000023f9bf72230 Thread added: 0x0000023f9dcc50a0
Event: 3.414 Thread 0x0000023f9bf72230 Thread added: 0x0000023fa20ee740
Event: 3.726 Thread 0x0000023f9db6e430 Thread added: 0x0000023fa2299590
Event: 3.773 Thread 0x0000023fa20ee740 Thread exited: 0x0000023fa20ee740
Event: 4.183 Thread 0x0000023f9dcc50a0 Thread exited: 0x0000023f9dcc50a0
Event: 4.547 Thread 0x0000023f9db6e430 Thread added: 0x0000023fa24d3750
Event: 4.631 Thread 0x0000023f9db6e430 Thread added: 0x0000023fa2779380
Event: 4.673 Thread 0x0000023f9db6e430 Thread added: 0x0000023fa24ec540
Event: 4.785 Thread 0x0000023f9bf76900 Thread added: 0x0000023fa2586b60
Event: 4.794 Thread 0x0000023f9be5caf0 Thread added: 0x0000023fa267dde0


Dynamic libraries:
0x00007ff7f96f0000 - 0x00007ff7f96fe000 	c:\Users\HP\.vscode\extensions\redhat.java-1.54.0-win32-x64\jre\21.0.10-win32-x86_64\bin\java.exe
0x00007ffa3dbb0000 - 0x00007ffa3ddc7000 	C:\WINDOWS\SYSTEM32\ntdll.dll
0x00007ffa3bae0000 - 0x00007ffa3bba4000 	C:\WINDOWS\System32\KERNEL32.DLL
0x00007ffa3b0b0000 - 0x00007ffa3b482000 	C:\WINDOWS\System32\KERNELBASE.dll
0x00007ffa3b720000 - 0x00007ffa3b831000 	C:\WINDOWS\System32\ucrtbase.dll
0x00007ffa0c100000 - 0x00007ffa0c11e000 	c:\Users\HP\.vscode\extensions\redhat.java-1.54.0-win32-x64\jre\21.0.10-win32-x86_64\bin\VCRUNTIME140.dll
0x00007ffa0acb0000 - 0x00007ffa0acc8000 	c:\Users\HP\.vscode\extensions\redhat.java-1.54.0-win32-x64\jre\21.0.10-win32-x86_64\bin\jli.dll
0x00007ffa3c880000 - 0x00007ffa3ca31000 	C:\WINDOWS\System32\USER32.dll
0x00007ffa3b6f0000 - 0x00007ffa3b716000 	C:\WINDOWS\System32\win32u.dll
0x00007ffa39e80000 - 0x00007ffa3a11b000 	C:\WINDOWS\WinSxS\amd64_microsoft.windows.common-controls_6595b64144ccf1df_6.0.22621.5547_none_27104afb73855772\COMCTL32.dll
0x00007ffa3c570000 - 0x00007ffa3c599000 	C:\WINDOWS\System32\GDI32.dll
0x00007ffa3d010000 - 0x00007ffa3d0b7000 	C:\WINDOWS\System32\msvcrt.dll
0x00007ffa3ada0000 - 0x00007ffa3aec3000 	C:\WINDOWS\System32\gdi32full.dll
0x00007ffa3aed0000 - 0x00007ffa3af6a000 	C:\WINDOWS\System32\msvcp_win.dll
0x00007ffa3d0c0000 - 0x00007ffa3d0f1000 	C:\WINDOWS\System32\IMM32.DLL
0x00007ffa19190000 - 0x00007ffa1919c000 	c:\Users\HP\.vscode\extensions\redhat.java-1.54.0-win32-x64\jre\21.0.10-win32-x86_64\bin\vcruntime140_1.dll
0x00007ff9fc890000 - 0x00007ff9fc91d000 	c:\Users\HP\.vscode\extensions\redhat.java-1.54.0-win32-x64\jre\21.0.10-win32-x86_64\bin\msvcp140.dll
0x00007ff958110000 - 0x00007ff958eb1000 	c:\Users\HP\.vscode\extensions\redhat.java-1.54.0-win32-x64\jre\21.0.10-win32-x86_64\bin\server\jvm.dll
0x00007ffa3b900000 - 0x00007ffa3b9b1000 	C:\WINDOWS\System32\ADVAPI32.dll
0x00007ffa3cf60000 - 0x00007ffa3d008000 	C:\WINDOWS\System32\sechost.dll
0x00007ffa3b490000 - 0x00007ffa3b4b8000 	C:\WINDOWS\System32\bcrypt.dll
0x00007ffa3b9c0000 - 0x00007ffa3bad4000 	C:\WINDOWS\System32\RPCRT4.dll
0x00007ffa3cd60000 - 0x00007ffa3cdd1000 	C:\WINDOWS\System32\WS2_32.dll
0x00007ffa35360000 - 0x00007ffa35394000 	C:\WINDOWS\SYSTEM32\WINMM.dll
0x00007ffa3a910000 - 0x00007ffa3a95d000 	C:\WINDOWS\SYSTEM32\POWRPROF.dll
0x00007ffa39270000 - 0x00007ffa3927a000 	C:\WINDOWS\SYSTEM32\VERSION.dll
0x00007ffa3a8f0000 - 0x00007ffa3a903000 	C:\WINDOWS\SYSTEM32\UMPDC.dll
0x00007ffa38d90000 - 0x00007ffa38da8000 	C:\WINDOWS\SYSTEM32\kernel.appcore.dll
0x00007ffa0bfe0000 - 0x00007ffa0bfea000 	c:\Users\HP\.vscode\extensions\redhat.java-1.54.0-win32-x64\jre\21.0.10-win32-x86_64\bin\jimage.dll
0x00007ffa3a590000 - 0x00007ffa3a7c3000 	C:\WINDOWS\SYSTEM32\DBGHELP.DLL
0x00007ffa3c140000 - 0x00007ffa3c4d3000 	C:\WINDOWS\System32\combase.dll
0x00007ffa3cde0000 - 0x00007ffa3ceb7000 	C:\WINDOWS\System32\OLEAUT32.dll
0x00007ffa3a400000 - 0x00007ffa3a432000 	C:\WINDOWS\SYSTEM32\dbgcore.DLL
0x00007ffa3aca0000 - 0x00007ffa3ad1b000 	C:\WINDOWS\System32\bcryptPrimitives.dll
0x00007ffa0aca0000 - 0x00007ffa0acaf000 	c:\Users\HP\.vscode\extensions\redhat.java-1.54.0-win32-x64\jre\21.0.10-win32-x86_64\bin\instrument.dll
0x00007ffa0ac80000 - 0x00007ffa0aca0000 	c:\Users\HP\.vscode\extensions\redhat.java-1.54.0-win32-x64\jre\21.0.10-win32-x86_64\bin\java.dll
0x00007ffa3d2c0000 - 0x00007ffa3db62000 	C:\WINDOWS\System32\SHELL32.dll
0x00007ffa3af70000 - 0x00007ffa3b0af000 	C:\WINDOWS\System32\wintypes.dll
0x00007ffa37c60000 - 0x00007ffa3857d000 	C:\WINDOWS\SYSTEM32\windows.storage.dll
0x00007ffa3c770000 - 0x00007ffa3c87c000 	C:\WINDOWS\System32\SHCORE.dll
0x00007ffa3ccf0000 - 0x00007ffa3cd59000 	C:\WINDOWS\System32\shlwapi.dll
0x00007ffa3abd0000 - 0x00007ffa3abfb000 	C:\WINDOWS\SYSTEM32\profapi.dll
0x00007ffa0aa60000 - 0x00007ffa0aa78000 	c:\Users\HP\.vscode\extensions\redhat.java-1.54.0-win32-x64\jre\21.0.10-win32-x86_64\bin\zip.dll
0x00007ffa0aba0000 - 0x00007ffa0abb0000 	C:\Users\HP\.vscode\extensions\redhat.java-1.54.0-win32-x64\jre\21.0.10-win32-x86_64\bin\net.dll
0x00007ffa369c0000 - 0x00007ffa36aec000 	C:\WINDOWS\SYSTEM32\WINHTTP.dll
0x00007ffa39180000 - 0x00007ffa391e9000 	C:\WINDOWS\system32\mswsock.dll
0x00007ffa0aa40000 - 0x00007ffa0aa56000 	C:\Users\HP\.vscode\extensions\redhat.java-1.54.0-win32-x64\jre\21.0.10-win32-x86_64\bin\nio.dll
0x00007ffa0a8d0000 - 0x00007ffa0a8e0000 	c:\Users\HP\.vscode\extensions\redhat.java-1.54.0-win32-x64\jre\21.0.10-win32-x86_64\bin\verify.dll
0x00007ffa08b50000 - 0x00007ffa08b95000 	C:\Users\HP\AppData\Roaming\Code\User\globalStorage\redhat.java\1.54.0\config_ss_win\org.eclipse.equinox.launcher\org.eclipse.equinox.launcher.win32.win32.x86_64_1.3.0.v20260203-2149\eclipse_11919.dll
0x00007ffa3d120000 - 0x00007ffa3d2c0000 	C:\WINDOWS\System32\ole32.dll
0x00007ffa3a8c0000 - 0x00007ffa3a8db000 	C:\WINDOWS\SYSTEM32\CRYPTSP.dll
0x00007ffa38cf0000 - 0x00007ffa38d27000 	C:\WINDOWS\system32\rsaenh.dll
0x00007ffa39280000 - 0x00007ffa392a8000 	C:\WINDOWS\SYSTEM32\USERENV.dll
0x00007ffa39440000 - 0x00007ffa3944c000 	C:\WINDOWS\SYSTEM32\CRYPTBASE.dll
0x00007ffa387e0000 - 0x00007ffa3880d000 	C:\WINDOWS\SYSTEM32\IPHLPAPI.DLL
0x00007ffa3ca40000 - 0x00007ffa3ca49000 	C:\WINDOWS\System32\NSI.dll
0x00007ff9fc840000 - 0x00007ff9fc889000 	C:\Users\HP\AppData\Local\Temp\jna-2312\jna5852156223808220853.dll
0x00007ffa3cec0000 - 0x00007ffa3cec8000 	C:\WINDOWS\System32\PSAPI.DLL

JVMTI agents:
c:\Users\HP\.vscode\extensions\redhat.java-1.54.0-win32-x64\lombok\lombok-1.18.39-4050.jar path:c:\Users\HP\.vscode\extensions\redhat.java-1.54.0-win32-x64\jre\21.0.10-win32-x86_64\bin\instrument.dll, loaded, initialized, instrumentlib options:none

dbghelp: loaded successfully - version: 4.0.5 - missing functions: none
symbol engine: initialized successfully - sym options: 0x614 - pdb path: .;c:\Users\HP\.vscode\extensions\redhat.java-1.54.0-win32-x64\jre\21.0.10-win32-x86_64\bin;C:\WINDOWS\SYSTEM32;C:\WINDOWS\WinSxS\amd64_microsoft.windows.common-controls_6595b64144ccf1df_6.0.22621.5547_none_27104afb73855772;c:\Users\HP\.vscode\extensions\redhat.java-1.54.0-win32-x64\jre\21.0.10-win32-x86_64\bin\server;C:\Users\HP\AppData\Roaming\Code\User\globalStorage\redhat.java\1.54.0\config_ss_win\org.eclipse.equinox.launcher\org.eclipse.equinox.launcher.win32.win32.x86_64_1.3.0.v20260203-2149;C:\Users\HP\AppData\Local\Temp\jna-2312

VM Arguments:
jvm_args: --add-modules=ALL-SYSTEM --add-opens=java.base/java.util=ALL-UNNAMED --add-opens=java.base/java.lang=ALL-UNNAMED --add-opens=java.base/sun.nio.fs=ALL-UNNAMED -Declipse.application=org.eclipse.jdt.ls.core.id1 -Dosgi.bundles.defaultStartLevel=4 -Declipse.product=org.eclipse.jdt.ls.core.product -Djava.import.generatesMetadataFilesAtProjectRoot=false -DDetectVMInstallationsJob.disabled=true -Dfile.encoding=utf8 -XX:+UseParallelGC -XX:GCTimeRatio=4 -XX:AdaptiveSizePolicyWeight=90 -Dsun.zip.disableMemoryMapping=true -Xmx2G -Xms100m -Xlog:disable -javaagent:c:\Users\HP\.vscode\extensions\redhat.java-1.54.0-win32-x64\lombok\lombok-1.18.39-4050.jar 
java_command: c:\Users\HP\.vscode\extensions\redhat.java-1.54.0-win32-x64\server\plugins\org.eclipse.equinox.launcher_1.7.100.v20251111-0406.jar -configuration c:\Users\HP\AppData\Roaming\Code\User\globalStorage\redhat.java\1.54.0\config_ss_win -data c:\Users\HP\AppData\Roaming\Code\User\workspaceStorage\8eb7c053806400ac2c4885c53bb83021\redhat.java\ss_ws --pipe=\\.\pipe\lsp-9ff0eac37789361f32374910034124cb-sock
java_class_path (initial): c:\Users\HP\.vscode\extensions\redhat.java-1.54.0-win32-x64\server\plugins\org.eclipse.equinox.launcher_1.7.100.v20251111-0406.jar
Launcher Type: SUN_STANDARD

[Global flags]
    uintx AdaptiveSizePolicyWeight                 = 90                                        {product} {command line}
     intx CICompilerCount                          = 12                                        {product} {ergonomic}
    uintx GCTimeRatio                              = 4                                         {product} {command line}
   size_t InitialHeapSize                          = 104857600                                 {product} {command line}
   size_t MaxHeapSize                              = 2147483648                                {product} {command line}
   size_t MaxNewSize                               = 715653120                                 {product} {ergonomic}
   size_t MinHeapDeltaBytes                        = 524288                                    {product} {ergonomic}
   size_t MinHeapSize                              = 104857600                                 {product} {command line}
   size_t NewSize                                  = 34603008                                  {product} {ergonomic}
    uintx NonNMethodCodeHeapSize                   = 7602480                                {pd product} {ergonomic}
    uintx NonProfiledCodeHeapSize                  = 122027880                              {pd product} {ergonomic}
   size_t OldSize                                  = 70254592                                  {product} {ergonomic}
    uintx ProfiledCodeHeapSize                     = 122027880                              {pd product} {ergonomic}
    uintx ReservedCodeCacheSize                    = 251658240                              {pd product} {ergonomic}
     bool SegmentedCodeCache                       = true                                      {product} {ergonomic}
   size_t SoftMaxHeapSize                          = 2147483648                             {manageable} {ergonomic}
     bool UseCompressedOops                        = true                           {product lp64_product} {ergonomic}
     bool UseLargePagesIndividualAllocation        = false                                  {pd product} {ergonomic}
     bool UseParallelGC                            = true                                      {product} {command line}

Logging:
Log output configuration:
 #0: stdout all=off uptime,level,tags foldmultilines=false
 #1: stderr all=off uptime,level,tags foldmultilines=false

Release file:
JAVA_VERSION="21.0.10" 
MODULES="java.base java.compiler java.datatransfer java.xml java.prefs java.desktop java.instrument java.logging java.management java.security.sasl java.naming java.rmi java.management.rmi java.net.http java.scripting java.security.jgss java.transaction.xa java.sql java.sql.rowset java.xml.crypto java.se java.smartcardio jdk.accessibility jdk.internal.jvmstat jdk.attach jdk.charsets jdk.internal.opt jdk.zipfs jdk.compiler jdk.crypto.ec jdk.crypto.cryptoki jdk.crypto.mscapi jdk.dynalink jdk.internal.ed jdk.editpad jdk.hotspot.agent jdk.httpserver jdk.internal.le jdk.internal.vm.ci jdk.internal.vm.compiler jdk.internal.vm.compiler.management jdk.jartool jdk.javadoc jdk.jcmd jdk.management jdk.management.agent jdk.jconsole jdk.jdeps jdk.jdwp.agent jdk.jdi jdk.jfr jdk.jshell jdk.jsobject jdk.jstatd jdk.localedata jdk.management.jfr jdk.naming.dns jdk.naming.rmi jdk.net jdk.nio.mapmode jdk.random jdk.sctp jdk.security.auth jdk.security.jgss jdk.unsupported jdk.unsupported.desktop jdk.xml.dom" 

Environment Variables:
PATH=C:\Program Files\Common Files\Oracle\Java\javapath;D:\oracle\dbhomeXE\bin;C:\WINDOWS\system32;C:\WINDOWS;C:\WINDOWS\System32\Wbem;C:\WINDOWS\System32\WindowsPowerShell\v1.0\;C:\WINDOWS\System32\OpenSSH\;C:\Program Files\dotnet\;C:\MinGW\bin;C:\Program Files\Git\cmd;C:\Program Files\PuTTY\;C:\Users\HP\AppData\Local\Programs\Python\Python313\Scripts\;C:\Users\HP\AppData\Local\Programs\Python\Python313\;C:\Users\HP\AppData\Local\Programs\Python\Launcher\;C:\Users\HP\AppData\Local\Microsoft\WindowsApps;;C:\Users\HP\AppData\Local\Programs\Microsoft VS Code\bin;D:\Python\PyCharm 2025.2.1.1\bin
USERNAME=HP
OS=Windows_NT
PROCESSOR_IDENTIFIER=AMD64 Family 23 Model 104 Stepping 1, AuthenticAMD
TMP=C:\Users\HP\AppData\Local\Temp
TEMP=C:\Users\HP\AppData\Local\Temp




Periodic native trim disabled

---------------  S Y S T E M  ---------------

OS:
 Windows 11 , 64 bit Build 22621 (10.0.22621.5415)
OS uptime: 0 days 21:41 hours
Hyper-V role detected

CPU: total 16 (initial active 16) (16 cores per cpu, 2 threads per core) family 23 model 104 stepping 1 microcode 0x0, cx8, cmov, fxsr, ht, mmx, 3dnowpref, sse, sse2, sse3, ssse3, sse4a, sse4.1, sse4.2, popcnt, lzcnt, tsc, tscinvbit, avx, avx2, aes, clmul, bmi1, bmi2, adx, sha, fma, vzeroupper, clflush, clflushopt, hv, rdtscp, rdpid, f16c
Processor Information for the first 16 processors :
  Max Mhz: 1801, Current Mhz: 1801, Mhz Limit: 1801

Memory: 4k page, system-wide physical 7501M (720M free)
TotalPageFile size 20047M (AvailPageFile size 225M)
current process WorkingSet (physical memory assigned to process): 148M, peak: 153M
current process commit charge ("private bytes"): 301M, peak: 306M

vm_info: OpenJDK 64-Bit Server VM (21.0.10+7-LTS) for windows-amd64 JRE (21.0.10+7-LTS), built on 2026-01-20T00:00:00Z by "admin" with MS VC++ 17.12 (VS2022)

END.
